// Jest Snapshot v1, https://goo.gl/fbAQLP

exports[`QuizCard renders correctly 1`] = `
.c0 {
  margin: 10px 10px 40px;
  padding: 20px;
  box-shadow: 0 10px 16px #0004;
}

<section
  class="c0"
>
  <p>
    Foo?
  </p>
  <button>
    Toggle answer
  </button>
</section>
`;
